10:03:34 **** Incremental Build of configuration Debug for project EchoApp_3 ****
make all 
make --no-print-directory pre-build
a9-linaro-pre-build-step
' '
make --no-print-directory main-build
'Building file: ../src/helloworld.c'
'Invoking: ARM v7 gcc compiler'
arm-none-eabi-gcc -Wall -O0 -g3 -c -fmessage-length=0 -MT"src/helloworld.o" -mcpu=cortex-a9 -mfpu=vfpv3 -mfloat-abi=hard -ID:/devWorks/PBEAICT/J2/S2/AP/LAB2/Lab2_platform/export/Lab2_platform/sw/Lab2_platform/standalone_ps7_cortexa9_0/bspinclude/include -MMD -MP -MF"src/helloworld.d" -MT"src/helloworld.o" -o "src/helloworld.o" "../src/helloworld.c"
../src/helloworld.c: In function 'Timer_Intr_Setup':
../src/helloworld.c:49:13: warning: variable 'Status' set but not used [-Wunused-but-set-variable]
   49 |         int Status;
      |             ^~~~~~
../src/helloworld.c: In function 'main':
../src/helloworld.c:70:13: warning: variable 'Status' set but not used [-Wunused-but-set-variable]
   70 |         int Status;
      |             ^~~~~~
'Finished building: ../src/helloworld.c'
' '
'Building target: EchoApp_3.elf'
'Invoking: ARM v7 gcc linker'
arm-none-eabi-gcc -mcpu=cortex-a9 -mfpu=vfpv3 -mfloat-abi=hard -Wl,-build-id=none -specs=Xilinx.spec -Wl,-T -Wl,../src/lscript.ld -LD:/devWorks/PBEAICT/J2/S2/AP/LAB2/Lab2_platform/export/Lab2_platform/sw/Lab2_platform/standalone_ps7_cortexa9_0/bsplib/lib -o "EchoApp_3.elf"  ./src/helloworld.o ./src/platform.o   -Wl,--start-group,-lxil,-lgcc,-lc,--end-group
'Finished building target: EchoApp_3.elf'
' '
'Invoking: ARM v7 Print Size'
arm-none-eabi-size EchoApp_3.elf  |tee "EchoApp_3.elf.size"
   text	   data	    bss	    dec	    hex	filename
  32768	   1936	  86680	 121384	  1da28	EchoApp_3.elf
'Finished building: EchoApp_3.elf.size'
' '

10:03:36 Build Finished (took 1s.656ms)

